Γû▓ Next.js 16.2.2 (Turbopack)
- Environments: .env.local

  Creating an optimized production build ...
Γ£ô Compiled successfully in 6.7s
  Running TypeScript ...
  Finished TypeScript in 8.7s ...
  Collecting page data using 3 workers ...
  Generating static pages using 3 workers (0/2) ...
Γ£ô Generating static pages using 3 workers (2/2) in 1033ms
  Finalizing page optimization ...

Route (app)                    Revalidate  Expire
Γöî ╞Æ /
Γö£ ╞Æ /_not-found
Γö£ ╞Æ /admin
Γö£ Γùï /api/news                         10m      1y
Γö£ ╞Æ /exam/[level]
Γö£ ╞Æ /learning
Γö£ ╞Æ /login
Γö£ ╞Æ /manajemen-sagara
Γö£ ╞Æ /register
Γö£ ╞Æ /study/[id]
Γö£ ╞Æ /study/level/[level_code]
Γö£ ╞Æ /study/material/[id]
Γöö ╞Æ /teacher


Γùï  (Static)   prerendered as static content
╞Æ  (Dynamic)  server-rendered on demand

